Writing this string to a file using ft_putstr_fd.
